// Jest Snapshot v1, https://goo.gl/fbAQLP

exports[`levelAction changeLevel 1`] = `
Object {
  "level": "advanced",
  "type": "CHANGE_LEVEL",
}
`;
